<?xml version="1.0" encoding="utf-8"?><testsuites name="pytest tests"><testsuite name="pytest" errors="0" failures="0" skipped="0" tests="239" time="2.898" timestamp="2026-10-07T20:11:08.333951+00:00" hostname="9017923f6b26"><testcase classname="tests.test_agents" name="test_source_seed_count_and_all_states" time="0.015" /><testcase classname="tests.test_agents" name="test_bad_scope_rejected[nationalx-states0]" time="0.003" /><testcase classname="tests.test_agents" name="test_bad_scope_rejected[state-states1]" time="0.003" /><testcase classname="tests.test_agents" name="test_bad_scope_rejected[metro-states2]" time="0.003" /><testcase classname="tests.test_agents" name="test_current_profile_not_historical" time="0.003" /><testcase classname="tests.test_agents" name="test_source_edition_prefix" time="0.003" /><testcase classname="tests.test_agents" name="test_bias_time_and_disagreement" time="0.004" /><testcase classname="tests.test_agents" name="test_future_bias_not_backfilled" time="0.004" /><testcase classname="tests.test_agents" name="test_bias_available_after_cutoff_excluded" time="0.004" /><testcase classname="tests.test_agents" name="test_provisional_bias_not_used" time="0.004" /><testcase classname="tests.test_agents" name="test_news_bias_not_opinion_bias" time="0.004" /><testcase classname="tests.test_agents" name="test_numeric_bias_needs_scale" time="0.003" /><testcase classname="tests.test_agents" name="test_plan_routes_states_without_president" time="0.005" /><testcase classname="tests.test_agents" name="test_registration_target_mismatch_excluded" time="0.004" /><testcase classname="tests.test_agents" name="test_roster_only_not_registration" time="0.003" /><testcase classname="tests.test_agents" name="test_plan_idempotent" time="0.005" /><testcase classname="tests.test_agents" name="test_plan_cap_before_writes" time="0.006" /><testcase classname="tests.test_agents" name="test_unresolved_panel_explicit" time="0.004" /><testcase classname="tests.test_agents" name="test_historical_service_windows" time="0.004" /><testcase classname="tests.test_agents" name="test_missing_components_do_not_turn_neutral" time="0.007" /><testcase classname="tests.test_agents" name="test_national_local_equal_weights" time="0.005" /><testcase classname="tests.test_agents" name="test_wrong_state_not_local" time="0.004" /><testcase classname="tests.test_agents" name="test_strict_future_version_vs_retro" time="0.005" /><testcase classname="tests.test_agents" name="test_postcutoff_publication_never_allowed" time="0.004" /><testcase classname="tests.test_agents" name="test_updated_url_not_double_counted" time="0.004" /><testcase classname="tests.test_agents" name="test_exact_syndication_diagnostic" time="0.005" /><testcase classname="tests.test_agents" name="test_ideology_not_weight_penalty" time="0.005" /><testcase classname="tests.test_agents" name="test_campaign_sources_separate" time="0.006" /><testcase classname="tests.test_agents" name="test_term_end_exclusive" time="0.005" /><testcase classname="tests.test_agents" name="test_unknown_history_not_out_of_office" time="0.004" /><testcase classname="tests.test_agents" name="test_monthly_history_has_month_ends" time="0.005" /><testcase classname="tests.test_agents" name="test_archive_backdating_rejected_without_evidence" time="0.003" /><testcase classname="tests.test_agents" name="test_independent_bias_corpus_cannot_be_candidate_search" time="0.004" /><testcase classname="tests.test_agents" name="test_rss_publication_not_update_date" time="0.000" /><testcase classname="tests.test_agents" name="test_rss_parse_publication" time="0.000" /><testcase classname="tests.test_agents" name="test_xml_entities_blocked" time="0.000" /><testcase classname="tests.test_agents" name="test_unknown_alias_is_not_sentiment" time="0.005" /><testcase classname="tests.test_agents" name="test_same_person_fec_bioguide_not_false_homonym" time="0.004" /><testcase classname="tests.test_agents" name="test_coordinator_offline_no_claim_of_live_requests" time="0.006" /><testcase classname="tests.test_agents" name="test_coordinator_collects_from_fixture_provider" time="0.006" /><testcase classname="tests.test_agents" name="test_export_no_body" time="0.005" /><testcase classname="tests.test_agents" name="test_congress_import_no_ballot_assumption" time="0.005" /><testcase classname="tests.test_agents" name="test_standing_bridge_missing_components_are_not_imputed" time="0.004" /><testcase classname="tests.test_agents" name="test_source_resolution_priority_domains" time="0.004" /><testcase classname="tests.test_agents" name="test_monthly_history_resolves_local_state_from_active_service" time="0.005" /><testcase classname="tests.test_audit_acquisition" name="test_retries_consume_budget_and_durable_reservations" time="0.000" /><testcase classname="tests.test_audit_acquisition" name="test_persistent_reservation_failure_prevents_request" time="0.000" /><testcase classname="tests.test_audit_acquisition" name="test_requests_adapter_cannot_retry_outside_counter" time="0.000" /><testcase classname="tests.test_audit_acquisition" name="test_http_budget_requires_positive_integer[True]" time="0.000" /><testcase classname="tests.test_audit_acquisition" name="test_http_budget_requires_positive_integer[1.5]" time="0.000" /><testcase classname="tests.test_audit_acquisition" name="test_http_budget_requires_positive_integer[0]" time="0.000" /><testcase classname="tests.test_audit_acquisition" name="test_http_budget_requires_positive_integer[-1]" time="0.000" /><testcase classname="tests.test_audit_acquisition" name="test_robots_and_redirect_share_hard_budget" time="0.000" /><testcase classname="tests.test_audit_acquisition" name="test_redirect_to_unapproved_domain_does_not_fetch" time="0.000" /><testcase classname="tests.test_audit_acquisition" name="test_robots_request_rate_honored_and_cached" time="0.001" /><testcase classname="tests.test_audit_acquisition" name="test_database_schema_checked_before_any_mutation" time="0.001" /><testcase classname="tests.test_audit_acquisition" name="test_backup_refuses_election_database_and_preserves_fixed_tmp" time="0.005" /><testcase classname="tests.test_audit_acquisition" name="test_backup_refuses_other_project_database" time="0.005" /><testcase classname="tests.test_audit_acquisition" name="test_candidate_identity_cannot_be_silently_reassigned" time="0.002" /><testcase classname="tests.test_audit_acquisition" name="test_directory_truncation_does_not_claim_unique_match" time="0.002" /><testcase classname="tests.test_audit_acquisition" name="test_pagination_cycles_are_explicit_errors" time="0.003" /><testcase classname="tests.test_audit_acquisition" name="test_failed_page_rolls_back_articles_and_reported_hits" time="0.002" /><testcase classname="tests.test_audit_acquisition" name="test_cohort_preserves_distinct_races_and_cutoff" time="0.002" /><testcase classname="tests.test_audit_acquisition" name="test_feed_generator_candidates_are_not_consumed_per_row" time="0.003" /><testcase classname="tests.test_audit_acquisition" name="test_feed_zero_limit_does_not_request" time="0.002" /><testcase classname="tests.test_audit_acquisition" name="test_annotation_backdating_requires_explicit_record_evidence" time="0.003" /><testcase classname="tests.test_audit_analysis" name="test_masking_preserves_other_person_with_same_surname" time="0.000" /><testcase classname="tests.test_audit_analysis" name="test_empty_or_punctuation_alias_never_matches_every_position[aliases0]" time="0.000" /><testcase classname="tests.test_audit_analysis" name="test_empty_or_punctuation_alias_never_matches_every_position[aliases1]" time="0.000" /><testcase classname="tests.test_audit_analysis" name="test_empty_or_punctuation_alias_never_matches_every_position[aliases2]" time="0.000" /><testcase classname="tests.test_audit_analysis" name="test_strict_unknown_identity_does_not_emit_component_features" time="0.005" /><testcase classname="tests.test_audit_analysis" name="test_strict_state_inference_ignores_later_cycle_registration" time="0.004" /><testcase classname="tests.test_audit_analysis" name="test_legacy_strict_score_also_hides_preidentity_components" time="0.004" /><testcase classname="tests.test_audit_analysis" name="test_republished_duplicate_cannot_satisfy_recent_coverage" time="0.005" /><testcase classname="tests.test_audit_analysis" name="test_negative_recent_coverage_requirement_rejected" time="0.000" /><testcase classname="tests.test_audit_analysis" name="test_backtest_missing_temporal_or_race_identity_rejected[as_of]" time="1.064" /><testcase classname="tests.test_audit_analysis" name="test_backtest_missing_temporal_or_race_identity_rejected[election_date]" time="0.002" /><testcase classname="tests.test_audit_analysis" name="test_backtest_missing_temporal_or_race_identity_rejected[cycle]" time="0.002" /><testcase classname="tests.test_audit_analysis" name="test_backtest_missing_temporal_or_race_identity_rejected[election_id]" time="0.002" /><testcase classname="tests.test_audit_analysis" name="test_backtest_future_training_outcome_rejected" time="0.008" /><testcase classname="tests.test_audit_analysis" name="test_backtest_target_cannot_be_used_as_a_feature" time="0.002" /><testcase classname="tests.test_audit_analysis" name="test_backtest_dated_outcome_release_after_snapshot_rejected" time="0.006" /><testcase classname="tests.test_audit_analysis" name="test_postcutoff_annotations_excluded_in_strict_but_flagged_in_reconstruction[True-human:late-review]" time="0.013" /><testcase classname="tests.test_audit_analysis" name="test_postcutoff_annotations_excluded_in_strict_but_flagged_in_reconstruction[False-model:late-inference]" time="0.007" /><testcase classname="tests.test_audit_analysis" name="test_earlier_annotation_survives_later_model_selection" time="0.005" /><testcase classname="tests.test_audit_analysis" name="test_date_only_annotation_availability_is_end_of_day" time="0.006" /><testcase classname="tests.test_audit_identity" name="test_identity_crosswalk_rejects_registry_conflict" time="0.003" /><testcase classname="tests.test_audit_identity" name="test_alias_import_cannot_reassign_person[cs_candidates]" time="0.004" /><testcase classname="tests.test_audit_identity" name="test_alias_import_cannot_reassign_person[sa_identity_links]" time="0.005" /><testcase classname="tests.test_audit_identity" name="test_alias_import_retains_previously_documented_names" time="0.004" /><testcase classname="tests.test_audit_identity" name="test_service_csv_uses_midnight_exclusive_boundaries" time="0.005" /><testcase classname="tests.test_audit_identity" name="test_source_profile_observation_provenance_retained" time="0.005" /><testcase classname="tests.test_audit_identity" name="test_edition_prefix_is_a_path_component" time="0.004" /><testcase classname="tests.test_audit_identity" name="test_rating_provenance_is_not_silently_dropped" time="0.004" /><testcase classname="tests.test_audit_identity" name="test_tied_provider_disagreement_is_explicit" time="0.004" /><testcase classname="tests.test_audit_identity" name="test_genre_specific_rating_precedes_all_genres_fallback" time="0.005" /><testcase classname="tests.test_audit_identity" name="test_rating_domain_normalization_preserves_lookup" time="0.004" /><testcase classname="tests.test_audit_identity" name="test_annotation_csv_preserves_dated_review_evidence" time="0.005" /><testcase classname="tests.test_audit_identity" name="test_annotation_csv_cannot_silently_backdate_review" time="0.004" /><testcase classname="tests.test_audit_identity" name="test_existing_v02_profile_reimport_keeps_id_and_count" time="0.005" /><testcase classname="tests.test_audit_identity" name="test_existing_v02_bias_reimport_keeps_id_and_count" time="0.005" /><testcase classname="tests.test_core" name="test_decay[0-1]" time="0.000" /><testcase classname="tests.test_core" name="test_decay[90-0.5]" time="0.000" /><testcase classname="tests.test_core" name="test_decay[180-0.25]" time="0.000" /><testcase classname="tests.test_core" name="test_decay[360-0.0625]" time="0.000" /><testcase classname="tests.test_core" name="test_bad_decay[args0]" time="0.000" /><testcase classname="tests.test_core" name="test_bad_decay[args1]" time="0.000" /><testcase classname="tests.test_core" name="test_bad_decay[args2]" time="0.000" /><testcase classname="tests.test_core" name="test_date_conservative" time="0.000" /><testcase classname="tests.test_core" name="test_month_windows" time="0.000" /><testcase classname="tests.test_core" name="test_canonical_url" time="0.000" /><testcase classname="tests.test_core" name="test_readonly_missing_does_not_create" time="0.001" /><testcase classname="tests.test_core" name="test_unrelated_table_preserved" time="0.001" /><testcase classname="tests.test_core" name="test_funding_schema_guard" time="0.005" /><testcase classname="tests.test_core" name="test_funding_schema_integration" time="0.005" /><testcase classname="tests.test_core" name="test_fec_mock_file" time="0.004" /><testcase classname="tests.test_core" name="test_no_implicit_composite" time="0.003" /><testcase classname="tests.test_core" name="test_future_survey_excluded" time="0.004" /><testcase classname="tests.test_core" name="test_future_field_end_rejected" time="0.005" /><testcase classname="tests.test_core" name="test_poll_fraction_guard" time="0.003" /><testcase classname="tests.test_core" name="test_approval_not_favorability" time="0.004" /><testcase classname="tests.test_core" name="test_geographic_poll_not_reused" time="0.004" /><testcase classname="tests.test_core" name="test_survey_revisions_one_wave" time="0.004" /><testcase classname="tests.test_core" name="test_equal_component_weights" time="0.007" /><testcase classname="tests.test_core" name="test_latest_bad_news_deteriorates_score" time="0.008" /><testcase classname="tests.test_core" name="test_future_article_excluded" time="0.003" /><testcase classname="tests.test_core" name="test_late_version_strict_vs_research" time="0.003" /><testcase classname="tests.test_core" name="test_backdating_requires_archive_evidence" time="0.002" /><testcase classname="tests.test_core" name="test_verified_archive_version" time="0.003" /><testcase classname="tests.test_core" name="test_index_date_not_true_publication" time="0.004" /><testcase classname="tests.test_core" name="test_unknown_entity_does_not_count" time="0.003" /><testcase classname="tests.test_core" name="test_unreviewed_annotation_filter" time="0.004" /><testcase classname="tests.test_core" name="test_exact_duplicate_not_independent" time="0.006" /><testcase classname="tests.test_core" name="test_one_outlet_not_full_news_score" time="0.004" /><testcase classname="tests.test_core" name="test_outlet_balanced_not_article_count_balanced" time="0.007" /><testcase classname="tests.test_core" name="test_unknown_pedigree_is_not_newcomer" time="0.003" /><testcase classname="tests.test_core" name="test_verified_newcomer_prior_is_labeled" time="0.003" /><testcase classname="tests.test_core" name="test_future_pedigree_ignored" time="0.003" /><testcase classname="tests.test_core" name="test_impossible_pedigree_rejected" time="0.002" /><testcase classname="tests.test_core" name="test_no_registry_asof_no_strict_composite" time="0.006" /><testcase classname="tests.test_core" name="test_roster_not_inferred_from_finance" time="0.005" /><testcase classname="tests.test_core" name="test_backup_consistent" time="0.003" /><testcase classname="tests.test_core" name="test_score_snapshot_idempotent" time="0.003" /><testcase classname="tests.test_core" name="test_weight_validation[weights0]" time="0.000" /><testcase classname="tests.test_core" name="test_weight_validation[weights1]" time="0.000" /><testcase classname="tests.test_core" name="test_weight_validation[weights2]" time="0.000" /><testcase classname="tests.test_delivery" name="test_offline_end_to_end" time="0.011" /><testcase classname="tests.test_delivery" name="test_subdomain_keeps_panel_outlet" time="0.003" /><testcase classname="tests.test_delivery" name="test_gold_audit" time="0.022" /><testcase classname="tests.test_delivery" name="test_gold_audit_bad_values[empty]" time="0.001" /><testcase classname="tests.test_delivery" name="test_gold_audit_bad_values[bad_identity]" time="0.001" /><testcase classname="tests.test_delivery" name="test_gold_audit_bad_values[bad_label]" time="0.001" /><testcase classname="tests.test_fec_acquisition" name="test_permitted_redirects_share_durable_budget_and_valid_cache" time="0.007" /><testcase classname="tests.test_fec_acquisition" name="test_unapproved_redirect_target_is_not_requested_or_disclosed[https://fec.gov.attacker.example/cn26.zip]" time="0.003" /><testcase classname="tests.test_fec_acquisition" name="test_unapproved_redirect_target_is_not_requested_or_disclosed[https://unknown-cdn.example/cn26.zip]" time="0.004" /><testcase classname="tests.test_fec_acquisition" name="test_unapproved_redirect_target_is_not_requested_or_disclosed[http://www.fec.gov/cn26.zip]" time="0.004" /><testcase classname="tests.test_fec_acquisition" name="test_unapproved_redirect_target_is_not_requested_or_disclosed[https://user:secret@www.fec.gov/cn26.zip]" time="0.004" /><testcase classname="tests.test_fec_acquisition" name="test_unapproved_redirect_target_is_not_requested_or_disclosed[https://www.fec.gov:8443/cn26.zip]" time="0.003" /><testcase classname="tests.test_fec_acquisition" name="test_unapproved_redirect_target_is_not_requested_or_disclosed[https://www.fec.gov/cn26.zip?token=never-output]" time="0.003" /><testcase classname="tests.test_fec_acquisition" name="test_redirect_second_hop_cannot_exceed_durable_limit" time="0.003" /><testcase classname="tests.test_fec_acquisition" name="test_download_diagnostics_include_safe_status_not_body[404-secret-response-http_status]" time="0.003" /><testcase classname="tests.test_fec_acquisition" name="test_download_diagnostics_include_safe_status_not_body[200-&lt;html&gt;secret-response&lt;/html&gt;-response_not_zip]" time="0.003" /><testcase classname="tests.test_fec_acquisition" name="test_later_malformed_row_rolls_back_every_new_candidate_and_cycle" time="0.005" /><testcase classname="tests.test_fec_acquisition" name="test_failed_download_parse_is_not_promoted_to_cache" time="0.004" /><testcase classname="tests.test_fec_acquisition" name="test_import_preserves_existing_identity_and_dated_provenance" time="0.003" /><testcase classname="tests.test_fec_acquisition" name="test_pipe_file_quote_marks_do_not_swallow_fields_or_later_rows" time="0.004" /><testcase classname="tests.test_fec_acquisition" name="test_candidate_name_validation_still_rejects_punctuation_aliases_atomically" time="0.004" /><testcase classname="tests.test_fec_acquisition" name="test_invalid_zip_diagnostics_do_not_leak_archive_contents" time="0.003" /><testcase classname="tests.test_fec_acquisition" name="test_official_production_bulk_object_charges_both_hops" time="0.004" /><testcase classname="tests.test_fec_acquisition" name="test_production_bulk_redirect_is_exact_and_does_not_broaden_aws_access[https://cg-519a459a-0ea3-42c2-b7bc-fa1143481f74.s3-us-gov-west-1.amazonaws.com.attacker.example/bulk-downloads/2026/cn26.zip]" time="0.003" /><testcase classname="tests.test_fec_acquisition" name="test_production_bulk_redirect_is_exact_and_does_not_broaden_aws_access[https://different-bucket.s3-us-gov-west-1.amazonaws.com/bulk-downloads/2026/cn26.zip]" time="0.003" /><testcase classname="tests.test_fec_acquisition" name="test_production_bulk_redirect_is_exact_and_does_not_broaden_aws_access[https://cg-519a459a-0ea3-42c2-b7bc-fa1143481f74.s3-us-gov-west-1.amazonaws.com/bulk-downloads/2024/cn24.zip]" time="0.003" /><testcase classname="tests.test_fec_acquisition" name="test_production_bulk_redirect_is_exact_and_does_not_broaden_aws_access[https://cg-519a459a-0ea3-42c2-b7bc-fa1143481f74.s3-us-gov-west-1.amazonaws.com/bulk-downloads/2026/cn24.zip]" time="0.003" /><testcase classname="tests.test_fec_acquisition" name="test_production_bulk_redirect_is_exact_and_does_not_broaden_aws_access[https://cg-519a459a-0ea3-42c2-b7bc-fa1143481f74.s3-us-gov-west-1.amazonaws.com/other/2026/cn26.zip]" time="0.005" /><testcase classname="tests.test_fec_acquisition" name="test_production_bulk_redirect_is_exact_and_does_not_broaden_aws_access[https://cg-519a459a-0ea3-42c2-b7bc-fa1143481f74.s3-us-gov-west-1.amazonaws.com/bulk-downloads/2026/../2026/cn26.zip]" time="0.003" /><testcase classname="tests.test_fec_acquisition" name="test_production_bulk_redirect_is_exact_and_does_not_broaden_aws_access[https://cg-519a459a-0ea3-42c2-b7bc-fa1143481f74.s3-us-gov-west-1.amazonaws.com/bulk-downloads/2026/cn26.zip?secret=hidden]" time="0.003" /><testcase classname="tests.test_fec_acquisition" name="test_production_bulk_redirect_is_exact_and_does_not_broaden_aws_access[https://cg-519a459a-0ea3-42c2-b7bc-fa1143481f74.s3-us-gov-west-1.amazonaws.com/bulk-downloads/2026/cn26.zip#fragment]" time="0.003" /><testcase classname="tests.test_fec_acquisition" name="test_production_bulk_redirect_is_exact_and_does_not_broaden_aws_access[https://user:secret@cg-519a459a-0ea3-42c2-b7bc-fa1143481f74.s3-us-gov-west-1.amazonaws.com/bulk-downloads/2026/cn26.zip]" time="0.004" /><testcase classname="tests.test_fec_acquisition" name="test_production_bulk_redirect_is_exact_and_does_not_broaden_aws_access[http://cg-519a459a-0ea3-42c2-b7bc-fa1143481f74.s3-us-gov-west-1.amazonaws.com/bulk-downloads/2026/cn26.zip]" time="0.004" /><testcase classname="tests.test_fec_acquisition" name="test_source_resolution_stops_after_access_denial_without_logging_secret[401]" time="0.004" /><testcase classname="tests.test_fec_acquisition" name="test_source_resolution_stops_after_access_denial_without_logging_secret[403]" time="0.003" /><testcase classname="tests.test_github_budget" name="test_remote_budget_survives_fresh_runner_and_caps_total" time="0.107" /><testcase classname="tests.test_github_budget" name="test_remote_policy_cannot_be_changed_to_reset_budget" time="0.058" /><testcase classname="tests.test_github_budget" name="test_unreachable_remote_fails_closed" time="0.009" /><testcase classname="tests.test_history_eval" name="test_service_intervals_union_and_future_clip" time="0.000" /><testcase classname="tests.test_history_eval" name="test_expanding_cycle_evaluation" time="0.050" /><testcase classname="tests.test_history_eval" name="test_duplicate_races_rejected" time="0.004" /><testcase classname="tests.test_history_eval" name="test_future_snapshot_rejected" time="0.004" /><testcase classname="tests.test_integration_safety" name="test_future_agents_schema_rejected_before_any_mutation" time="0.002" /><testcase classname="tests.test_pilot" name="test_durable_budget_cannot_reset_or_grow" time="0.005" /><testcase classname="tests.test_pilot" name="test_budget_atomic_across_connections" time="0.005" /><testcase classname="tests.test_pilot" name="test_transport_retries_reserve_every_attempt" time="0.004" /><testcase classname="tests.test_pilot" name="test_prepare_exports_24_sourced_rows_and_preserves_registration_status" time="0.009" /><testcase classname="tests.test_pilot" name="test_missing_candidates_never_fabricated" time="0.003" /><testcase classname="tests.test_pilot" name="test_missing_credential_blocks_even_fec_download" time="0.026" /><testcase classname="tests.test_pilot" name="test_fec_failure_report_has_safe_actionable_diagnostics" time="0.013" /><testcase classname="tests.test_pilot" name="test_github_fec_failure_is_visible_in_annotations" time="0.002" /><testcase classname="tests.test_pilot" name="test_http_access_denial_preserves_status_without_retrying[401]" time="0.000" /><testcase classname="tests.test_pilot" name="test_http_access_denial_preserves_status_without_retrying[403]" time="0.000" /><testcase classname="tests.test_pilot" name="test_source_access_denial_prevents_candidate_collection[401]" time="0.016" /><testcase classname="tests.test_pilot" name="test_source_access_denial_prevents_candidate_collection[403]" time="0.020" /><testcase classname="tests.test_pilot" name="test_insufficient_cohort_blocks_provider_with_credential" time="0.017" /><testcase classname="tests.test_pilot" name="test_offline_prepares_without_any_network" time="0.016" /><testcase classname="tests.test_pilot" name="test_corrupt_or_removed_ledger_fails_closed[not-a-number]" time="0.003" /><testcase classname="tests.test_pilot" name="test_corrupt_or_removed_ledger_fails_closed[-1]" time="0.003" /><testcase classname="tests.test_pilot" name="test_corrupt_or_removed_ledger_fails_closed[21]" time="0.003" /><testcase classname="tests.test_pilot" name="test_corrupt_or_removed_ledger_fails_closed[None]" time="0.003" /><testcase classname="tests.test_pilot" name="test_all_contest_memberships_exported_for_selected_ids" time="0.006" /><testcase classname="tests.test_pilot" name="test_workflow_caps_an_oversized_override_client" time="0.004" /><testcase classname="tests.test_transfer" name="test_only_permitted_exports_roundtrip_with_missing_preserved" time="0.002" /><testcase classname="tests.test_transfer" name="test_github_artifact_wrapper_supported" time="0.002" /><testcase classname="tests.test_transfer" name="test_tampered_result_rejected" time="0.002" /><testcase classname="tests.test_transfer" name="test_unsafe_archive_paths_rejected_without_extracting" time="0.001" /><testcase classname="tests.test_transfer" name="test_fixture_outputs_cannot_be_labeled_real" time="0.001" /><testcase classname="tests.test_workers" name="test_plan_idempotent_batched" time="0.004" /><testcase classname="tests.test_workers" name="test_plan_hard_cap" time="0.002" /><testcase classname="tests.test_workers" name="test_historical_gdelt_fails_explicitly" time="0.002" /><testcase classname="tests.test_workers" name="test_media_cloud_requires_panel" time="0.002" /><testcase classname="tests.test_workers" name="test_pagination_resume" time="0.004" /><testcase classname="tests.test_workers" name="test_access_block_is_not_success" time="0.002" /><testcase classname="tests.test_workers" name="test_request_budget_leaves_pending" time="0.003" /><testcase classname="tests.test_workers" name="test_interrupted_queue_reset" time="0.003" /><testcase classname="tests.test_workers" name="test_capped_search_splits_before_ingesting" time="0.003" /><testcase classname="tests.test_workers" name="test_mediacloud_wire_contract" time="0.000" /><testcase classname="tests.test_workers" name="test_provider_schema_mismatch_not_empty" time="0.000" /><testcase classname="tests.test_workers" name="test_target_masking_and_no_surname_only" time="0.000" /><testcase classname="tests.test_workers" name="test_nli_adapter_without_download" time="0.004" /><testcase classname="tests.test_workers" name="test_common_full_name_requires_review" time="0.003" /><testcase classname="tests.test_workers" name="test_http_budget_before_network" time="0.000" /><testcase classname="tests.test_workers" name="test_private_network_block" time="0.000" /><testcase classname="tests.test_workflows" name="test_export_without_outputs_needs_no_installed_dependencies" time="0.027" /><testcase classname="tests.test_workflows" name="test_partial_collection_still_exports_missing_values" time="0.107" /><testcase classname="tests.test_workflows" name="test_missing_credential_reports_actionable_annotation_without_dependencies[]" time="0.017" /><testcase classname="tests.test_workflows" name="test_missing_credential_reports_actionable_annotation_without_dependencies[   ]" time="0.017" /><testcase classname="tests.test_workflows" name="test_credential_preflight_does_not_echo_key" time="0.020" /><testcase classname="tests.test_workflows" name="test_manual_run_does_not_require_git_request_file" time="0.028" /><testcase classname="tests.test_workflows" name="test_push_without_explicit_request_fails_before_dependencies" time="0.027" /><testcase classname="tests.test_workflows" name="test_git_run_request_cannot_increase_the_pilot_allowance[20-0]" time="0.028" /><testcase classname="tests.test_workflows" name="test_git_run_request_cannot_increase_the_pilot_allowance[21-1]" time="0.028" /></testsuite></testsuites>